Archive member included to satisfy reference by file (symbol)

/home/pablome/Apps/STM32CubeIDE/plugins/com.st.stm32cube.ide.mcu.externaltools.gnu-tools-for-stm32.12.3.rel1.linux64_1.0.100.202403111256/tools/bin/../lib/gcc/arm-none-eabi/12.3.1/../../../../arm-none-eabi/lib/thumb/v7e-m+fp/hard/libc_nano.a(libc_a-exit.o)
                              /home/pablome/Apps/STM32CubeIDE/plugins/com.st.stm32cube.ide.mcu.externaltools.gnu-tools-for-stm32.12.3.rel1.linux64_1.0.100.202403111256/tools/bin/../lib/gcc/arm-none-eabi/12.3.1/../../../../arm-none-eabi/lib/thumb/v7e-m+fp/hard/crt0.o (exit)
/home/pablome/Apps/STM32CubeIDE/plugins/com.st.stm32cube.ide.mcu.externaltools.gnu-tools-for-stm32.12.3.rel1.linux64_1.0.100.202403111256/tools/bin/../lib/gcc/arm-none-eabi/12.3.1/../../../../arm-none-eabi/lib/thumb/v7e-m+fp/hard/libc_nano.a(libc_a-findfp.o)
                              /home/pablome/Apps/STM32CubeIDE/plugins/com.st.stm32cube.ide.mcu.externaltools.gnu-tools-for-stm32.12.3.rel1.linux64_1.0.100.202403111256/tools/bin/../lib/gcc/arm-none-eabi/12.3.1/../../../../arm-none-eabi/lib/thumb/v7e-m+fp/hard/libc_nano.a(libc_a-exit.o) (__stdio_exit_handler)
/home/pablome/Apps/STM32CubeIDE/plugins/com.st.stm32cube.ide.mcu.externaltools.gnu-tools-for-stm32.12.3.rel1.linux64_1.0.100.202403111256/tools/bin/../lib/gcc/arm-none-eabi/12.3.1/../../../../arm-none-eabi/lib/thumb/v7e-m+fp/hard/libc_nano.a(libc_a-fwalk.o)
                              /home/pablome/Apps/STM32CubeIDE/plugins/com.st.stm32cube.ide.mcu.externaltools.gnu-tools-for-stm32.12.3.rel1.linux64_1.0.100.202403111256/tools/bin/../lib/gcc/arm-none-eabi/12.3.1/../../../../arm-none-eabi/lib/thumb/v7e-m+fp/hard/libc_nano.a(libc_a-findfp.o) (_fwalk_sglue)
/home/pablome/Apps/STM32CubeIDE/plugins/com.st.stm32cube.ide.mcu.externaltools.gnu-tools-for-stm32.12.3.rel1.linux64_1.0.100.202403111256/tools/bin/../lib/gcc/arm-none-eabi/12.3.1/../../../../arm-none-eabi/lib/thumb/v7e-m+fp/hard/libc_nano.a(libc_a-stdio.o)
                              /home/pablome/Apps/STM32CubeIDE/plugins/com.st.stm32cube.ide.mcu.externaltools.gnu-tools-for-stm32.12.3.rel1.linux64_1.0.100.202403111256/tools/bin/../lib/gcc/arm-none-eabi/12.3.1/../../../../arm-none-eabi/lib/thumb/v7e-m+fp/hard/libc_nano.a(libc_a-findfp.o) (__sread)
/home/pablome/Apps/STM32CubeIDE/plugins/com.st.stm32cube.ide.mcu.externaltools.gnu-tools-for-stm32.12.3.rel1.linux64_1.0.100.202403111256/tools/bin/../lib/gcc/arm-none-eabi/12.3.1/../../../../arm-none-eabi/lib/thumb/v7e-m+fp/hard/libc_nano.a(libc_a-memset.o)
                              /home/pablome/Apps/STM32CubeIDE/plugins/com.st.stm32cube.ide.mcu.externaltools.gnu-tools-for-stm32.12.3.rel1.linux64_1.0.100.202403111256/tools/bin/../lib/gcc/arm-none-eabi/12.3.1/../../../../arm-none-eabi/lib/thumb/v7e-m+fp/hard/crt0.o (memset)
/home/pablome/Apps/STM32CubeIDE/plugins/com.st.stm32cube.ide.mcu.externaltools.gnu-tools-for-stm32.12.3.rel1.linux64_1.0.100.202403111256/tools/bin/../lib/gcc/arm-none-eabi/12.3.1/../../../../arm-none-eabi/lib/thumb/v7e-m+fp/hard/libc_nano.a(libc_a-closer.o)
                              /home/pablome/Apps/STM32CubeIDE/plugins/com.st.stm32cube.ide.mcu.externaltools.gnu-tools-for-stm32.12.3.rel1.linux64_1.0.100.202403111256/tools/bin/../lib/gcc/arm-none-eabi/12.3.1/../../../../arm-none-eabi/lib/thumb/v7e-m+fp/hard/libc_nano.a(libc_a-stdio.o) (_close_r)
/home/pablome/Apps/STM32CubeIDE/plugins/com.st.stm32cube.ide.mcu.externaltools.gnu-tools-for-stm32.12.3.rel1.linux64_1.0.100.202403111256/tools/bin/../lib/gcc/arm-none-eabi/12.3.1/../../../../arm-none-eabi/lib/thumb/v7e-m+fp/hard/libc_nano.a(libc_a-reent.o)
                              /home/pablome/Apps/STM32CubeIDE/plugins/com.st.stm32cube.ide.mcu.externaltools.gnu-tools-for-stm32.12.3.rel1.linux64_1.0.100.202403111256/tools/bin/../lib/gcc/arm-none-eabi/12.3.1/../../../../arm-none-eabi/lib/thumb/v7e-m+fp/hard/libc_nano.a(libc_a-closer.o) (errno)
/home/pablome/Apps/STM32CubeIDE/plugins/com.st.stm32cube.ide.mcu.externaltools.gnu-tools-for-stm32.12.3.rel1.linux64_1.0.100.202403111256/tools/bin/../lib/gcc/arm-none-eabi/12.3.1/../../../../arm-none-eabi/lib/thumb/v7e-m+fp/hard/libc_nano.a(libc_a-impure.o)
                              /home/pablome/Apps/STM32CubeIDE/plugins/com.st.stm32cube.ide.mcu.externaltools.gnu-tools-for-stm32.12.3.rel1.linux64_1.0.100.202403111256/tools/bin/../lib/gcc/arm-none-eabi/12.3.1/../../../../arm-none-eabi/lib/thumb/v7e-m+fp/hard/libc_nano.a(libc_a-reent.o) (_impure_ptr)
/home/pablome/Apps/STM32CubeIDE/plugins/com.st.stm32cube.ide.mcu.externaltools.gnu-tools-for-stm32.12.3.rel1.linux64_1.0.100.202403111256/tools/bin/../lib/gcc/arm-none-eabi/12.3.1/../../../../arm-none-eabi/lib/thumb/v7e-m+fp/hard/libc_nano.a(libc_a-lseekr.o)
[...]
Memory Configuration

Name             Origin             Length             Attributes
RAM              0x20000000         0x00020000         xrw
FLASH            0x08000000         0x00080000         xr
*default*        0x00000000         0xffffffff

Linker script and memory map

LOAD /home/pablome/Apps/STM32CubeIDE/plugins/com.st.stm32cube.ide.mcu.externaltools.gnu-tools-for-stm32.12.3.rel1.linux64_1.0.100.202403111256/tools/bin/../lib/gcc/arm-none-eabi/12.3.1/thumb/v7e-m+fp/hard/crti.o
LOAD /home/pablome/Apps/STM32CubeIDE/plugins/com.st.stm32cube.ide.mcu.externaltools.gnu-tools-for-stm32.12.3.rel1.linux64_1.0.100.202403111256/tools/bin/../lib/gcc/arm-none-eabi/12.3.1/thumb/v7e-m+fp/hard/crtbegin.o
LOAD /home/pablome/Apps/STM32CubeIDE/plugins/com.st.stm32cube.ide.mcu.externaltools.gnu-tools-for-stm32.12.3.rel1.linux64_1.0.100.202403111256/tools/bin/../lib/gcc/arm-none-eabi/12.3.1/../../../../arm-none-eabi/lib/thumb/v7e-m+fp/hard/crt0.o
LOAD ./Core/Src/main.o
LOAD ./Core/Src/motor.o
LOAD ./Core/Src/stm32f4xx_hal_msp.o
LOAD ./Core/Src/stm32f4xx_it.o
LOAD ./Core/Src/syscalls.o
LOAD ./Core/Src/sysmem.o
LOAD ./Core/Src/system_stm32f4xx.o
LOAD ./Core/Startup/startup_stm32f446retx.o
LOAD ./Drivers/STM32F4xx_HAL_Driver/Src/stm32f4xx_hal.o
LOAD ./Drivers/STM32F4xx_HAL_Driver/Src/stm32f4xx_hal_cortex.o
LOAD ./Drivers/STM32F4xx_HAL_Driver/Src/stm32f4xx_hal_dma.o
LOAD ./Drivers/STM32F4xx_HAL_Driver/Src/stm32f4xx_hal_dma_ex.o
LOAD ./Drivers/STM32F4xx_HAL_Driver/Src/stm32f4xx_hal_exti.o
LOAD ./Drivers/STM32F4xx_HAL_Driver/Src/stm32f4xx_hal_flash.o
LOAD ./Drivers/STM32F4xx_HAL_Driver/Src/stm32f4xx_hal_flash_ex.o
LOAD ./Drivers/STM32F4xx_HAL_Driver/Src/stm32f4xx_hal_flash_ramfunc.o
LOAD ./Drivers/STM32F4xx_HAL_Driver/Src/stm32f4xx_hal_gpio.o
LOAD ./Drivers/STM32F4xx_HAL_Driver/Src/stm32f4xx_hal_pwr.o
LOAD ./Drivers/STM32F4xx_HAL_Driver/Src/stm32f4xx_hal_pwr_ex.o
LOAD ./Drivers/STM32F4xx_HAL_Driver/Src/stm32f4xx_hal_rcc.o
LOAD ./Drivers/STM32F4xx_HAL_Driver/Src/stm32f4xx_hal_rcc_ex.o
LOAD ./Drivers/STM32F4xx_HAL_Driver/Src/stm32f4xx_hal_tim.o
LOAD ./Drivers/STM32F4xx_HAL_Driver/Src/stm32f4xx_hal_tim_ex.o
LOAD ./Drivers/STM32F4xx_HAL_Driver/Src/stm32f4xx_hal_uart.o
START GROUP
LOAD /home/pablome/Apps/STM32CubeIDE/plugins/com.st.stm32cube.ide.mcu.externaltools.gnu-tools-for-stm32.12.3.rel1.linux64_1.0.100.202403111256/tools/bin/../lib/gcc/arm-none-eabi/12.3.1/../../../../arm-none-eabi/lib/thumb/v7e-m+fp/hard/libc_nano.a
LOAD /home/pablome/Apps/STM32CubeIDE/plugins/com.st.stm32cube.ide.mcu.externaltools.gnu-tools-for-stm32.12.3.rel1.linux64_1.0.100.202403111256/tools/bin/../lib/gcc/arm-none-eabi/12.3.1/../../../../arm-none-eabi/lib/thumb/v7e-m+fp/hard/libm.a
END GROUP
START GROUP
LOAD /home/pablome/Apps/STM32CubeIDE/plugins/com.st.stm32cube.ide.mcu.externaltools.gnu-tools-for-stm32.12.3.rel1.linux64_1.0.100.202403111256/tools/bin/../lib/gcc/arm-none-eabi/12.3.1/thumb/v7e-m+fp/hard/libgcc.a
LOAD /home/pablome/Apps/STM32CubeIDE/plugins/com.st.stm32cube.ide.mcu.externaltools.gnu-tools-for-stm32.12.3.rel1.linux64_1.0.100.202403111256/tools/bin/../lib/gcc/arm-none-eabi/12.3.1/../../../../arm-none-eabi/lib/thumb/v7e-m+fp/hard/libc_nano.a
END GROUP
START GROUP
LOAD /home/pablome/Apps/STM32CubeIDE/plugins/com.st.stm32cube.ide.mcu.externaltools.gnu-tools-for-stm32.12.3.rel1.linux64_1.0.100.202403111256/tools/bin/../lib/gcc/arm-none-eabi/12.3.1/thumb/v7e-m+fp/hard/libgcc.a
LOAD /home/pablome/Apps/STM32CubeIDE/plugins/com.st.stm32cube.ide.mcu.externaltools.gnu-tools-for-stm32.12.3.rel1.linux64_1.0.100.202403111256/tools/bin/../lib/gcc/arm-none-eabi/12.3.1/../../../../arm-none-eabi/lib/thumb/v7e-m+fp/hard/libc_nano.a
LOAD /home/pablome/Apps/STM32CubeIDE/plugins/com.st.stm32cube.ide.mcu.externaltools.gnu-tools-for-stm32.12.3.rel1.linux64_1.0.100.202403111256/tools/bin/../lib/gcc/arm-none-eabi/12.3.1/../../../../arm-none-eabi/lib/thumb/v7e-m+fp/hard/libnosys.a
END GROUP
START GROUP
LOAD /home/pablome/Apps/STM32CubeIDE/plugins/com.st.stm32cube.ide.mcu.externaltools.gnu-tools-for-stm32.12.3.rel1.linux64_1.0.100.202403111256/tools/bin/../lib/gcc/arm-none-eabi/12.3.1/thumb/v7e-m+fp/hard/libgcc.a
LOAD /home/pablome/Apps/STM32CubeIDE/plugins/com.st.stm32cube.ide.mcu.externaltools.gnu-tools-for-stm32.12.3.rel1.linux64_1.0.100.202403111256/tools/bin/../lib/gcc/arm-none-eabi/12.3.1/../../../../arm-none-eabi/lib/thumb/v7e-m+fp/hard/libc_nano.a
LOAD /home/pablome/Apps/STM32CubeIDE/plugins/com.st.stm32cube.ide.mcu.externaltools.gnu-tools-for-stm32.12.3.rel1.linux64_1.0.100.202403111256/tools/bin/../lib/gcc/arm-none-eabi/12.3.1/../../../../arm-none-eabi/lib/thumb/v7e-m+fp/hard/libnosys.a
END GROUP
LOAD /home/pablome/Apps/STM32CubeIDE/plugins/com.st.stm32cube.ide.mcu.externaltools.gnu-tools-for-stm32.12.3.rel1.linux64_1.0.100.202403111256/tools/bin/../lib/gcc/arm-none-eabi/12.3.1/thumb/v7e-m+fp/hard/crtend.o
LOAD /home/pablome/Apps/STM32CubeIDE/plugins/com.st.stm32cube.ide.mcu.externaltools.gnu-tools-for-stm32.12.3.rel1.linux64_1.0.100.202403111256/tools/bin/../lib/gcc/arm-none-eabi/12.3.1/thumb/v7e-m+fp/hard/crtn.o
                0x20020000                        _estack = (ORIGIN (RAM) + LENGTH (RAM))
                0x00000200                        _Min_Heap_Size = 0x200
                0x00000400                        _Min_Stack_Size = 0x400

.isr_vector     0x08000000      0x1c4
                0x08000000                        . = ALIGN (0x4)
 *(.isr_vector)
 .isr_vector    0x08000000      0x1c4 ./Core/Startup/startup_stm32f446retx.o
                0x08000000                g_pfnVectors
                0x080001c4                        . = ALIGN (0x4)

.text           0x080001c8     0x3f58
                0x080001c8                        . = ALIGN (0x4)
 *(.text)
 .text          0x080001c8       0x40 /home/pablome/Apps/STM32CubeIDE/plugins/com.st.stm32cube.ide.mcu.externaltools.gnu-tools-for-stm32.12.3.rel1.linux64_1.0.100.202403111256/tools/bin/../lib/gcc/arm-none-eabi/12.3.1/thumb/v7e-m+fp/hard/crtbegin.o
 .text          0x08000208      0x378 /home/pablome/Apps/STM32CubeIDE/plugins/com.st.stm32cube.ide.mcu.externaltools.gnu-tools-for-stm32.12.3.rel1.linux64_1.0.100.202403111256/tools/bin/../lib/gcc/arm-none-eabi/12.3.1/thumb/v7e-m+fp/hard/libgcc.a(_arm_addsubdf3.o)
                0x08000208                __aeabi_drsub
                0x08000210                __aeabi_dsub
                0x08000210                __subdf3
                0x08000214                __adddf3
                0x08000214                __aeabi_dadd
                0x0800048c                __aeabi_ui2d
                0x0800048c                __floatunsidf
                0x080004ac                __floatsidf
                0x080004ac                __aeabi_i2d
                0x080004d0                __extendsfdf2
                0x080004d0                __aeabi_f2d
                0x08000514                __aeabi_ul2d
                0x08000514                __floatundidf
                0x08000524                __floatdidf
                0x08000524                __aeabi_l2d
 .text          0x08000580      0x424 /home/pablome/Apps/STM32CubeIDE/plugins/com.st.stm32cube.ide.mcu.externaltools.gnu-tools-for-stm32.12.3.rel1.linux64_1.0.100.202403111256/tools/bin/../lib/gcc/arm-none-eabi/12.3.1/thumb/v7e-m+fp/hard/libgcc.a(_arm_muldivdf3.o)
                0x08000580                __aeabi_dmul
                0x08000580                __muldf3
                0x080007d4                __aeabi_ddiv
                0x080007d4                __divdf3
 .text          0x080009a4      0x110 /home/pablome/Apps/STM32CubeIDE/plugins/com.st.stm32cube.ide.mcu.externaltools.gnu-tools-for-stm32.12.3.rel1.linux64_1.0.100.202403111256/tools/bin/../lib/gcc/arm-none-eabi/12.3.1/thumb/v7e-m+fp/hard/libgcc.a(_arm_cmpdf2.o)
                0x080009a4                __gtdf2
                0x080009a4                __gedf2
                0x080009ac                __ltdf2
                0x080009ac                __ledf2
                0x080009b4                __cmpdf2
                0x080009b4                __eqdf2
                0x080009b4                __nedf2
                0x08000a30                __aeabi_cdrcmple
                0x08000a40                __aeabi_cdcmple
                0x08000a40                __aeabi_cdcmpeq
                0x08000a50                __aeabi_dcmpeq
                0x08000a64                __aeabi_dcmplt
                0x08000a78                __aeabi_dcmple
                0x08000a8c                __aeabi_dcmpge
                0x08000aa0                __aeabi_dcmpgt
 .text          0x08000ab4       0x40 /home/pablome/Apps/STM32CubeIDE/plugins/com.st.stm32cube.ide.mcu.externaltools.gnu-tools-for-stm32.12.3.rel1.linux64_1.0.100.202403111256/tools/bin/../lib/gcc/arm-none-eabi/12.3.1/thumb/v7e-m+fp/hard/libgcc.a(_arm_fixunsdfsi.o)
                0x08000ab4                __fixunsdfsi
                0x08000ab4                __aeabi_d2uiz
 .text          0x08000af4       0x30 /home/pablome/Apps/STM32CubeIDE/plugins/com.st.stm32cube.ide.mcu.externaltools.gnu-tools-for-stm32.12.3.rel1.linux64_1.0.100.202403111256/tools/bin/../lib/gcc/arm-none-eabi/12.3.1/thumb/v7e-m+fp/hard/libgcc.a(_aeabi_uldivmod.o)
                0x08000af4                __aeabi_uldivmod
 .text          0x08000b24      0x2bc /home/pablome/Apps/STM32CubeIDE/plugins/com.st.stm32cube.ide.mcu.externaltools.gnu-tools-for-stm32.12.3.rel1.linux64_1.0.100.202403111256/tools/bin/../lib/gcc/arm-none-eabi/12.3.1/thumb/v7e-m+fp/hard/libgcc.a(_udivmoddi4.o)
                0x08000b24                __udivmoddi4
 .text          0x08000de0        0x4 /home/pablome/Apps/STM32CubeIDE/plugins/com.st.stm32cube.ide.mcu.externaltools.gnu-tools-for-stm32.12.3.rel1.linux64_1.0.100.202403111256/tools/bin/../lib/gcc/arm-none-eabi/12.3.1/thumb/v7e-m+fp/hard/libgcc.a(_dvmd_tls.o)
                0x08000de0                __aeabi_ldiv0
                0x08000de0                __aeabi_idiv0
 *(.text*)
 *fill*         0x08000de4        0x4 
 .text.main     0x08000de8      0x1b0 ./Core/Src/main.o
                0x08000de8                main
 .text.SystemClock_Config
                0x08000f98       0xe4 ./Core/Src/main.o
                0x08000f98                SystemClock_Config
 .text.MX_TIM2_Init
                0x0800107c       0xa8 ./Core/Src/main.o
 .text.MX_TIM3_Init
                0x08001124       0xc8 ./Core/Src/main.o
 .text.MX_USART2_UART_Init
                0x080011ec       0x54 ./Core/Src/main.o
 .text.MX_GPIO_Init
                0x08001240       0xe0 ./Core/Src/main.o
 .text.Error_Handler
                0x08001320        0xc ./Core/Src/main.o
                0x08001320                Error_Handler
 .text.init_motor
                0x0800132c       0x90 ./Core/Src/motor.o
                0x0800132c                init_motor
 .text.set_speed
                0x080013bc      0x250 ./Core/Src/motor.o
                0x080013bc                set_speed
 .text.HAL_MspInit
                0x0800160c       0x50 ./Core/Src/stm32f4xx_hal_msp.o
                0x0800160c                HAL_MspInit
 .text.HAL_TIM_Encoder_MspInit
                0x0800165c       0x9c ./Core/Src/stm32f4xx_hal_msp.o
                0x0800165c                HAL_TIM_Encoder_MspInit
 .text.HAL_TIM_PWM_MspInit
                0x080016f8       0x44 ./Core/Src/stm32f4xx_hal_msp.o
                0x080016f8                HAL_TIM_PWM_MspInit
 .text.HAL_TIM_MspPostInit
                0x0800173c       0x74 ./Core/Src/stm32f4xx_hal_msp.o
                0x0800173c                HAL_TIM_MspPostInit
 .text.HAL_UART_MspInit
                0x080017b0       0x90 ./Core/Src/stm32f4xx_hal_msp.o
                0x080017b0                HAL_UART_MspInit
 .text.NMI_Handler
                0x08001840        0x8 ./Core/Src/stm32f4xx_it.o
                0x08001840                NMI_Handler
 .text.HardFault_Handler
                0x08001848        0x8 ./Core/Src/stm32f4xx_it.o
                0x08001848                HardFault_Handler
 .text.MemManage_Handler
                0x08001850        0x8 ./Core/Src/stm32f4xx_it.o
                0x08001850                MemManage_Handler
 .text.BusFault_Handler
                0x08001858        0x8 ./Core/Src/stm32f4xx_it.o
                0x08001858                BusFault_Handler
 .text.UsageFault_Handler
                0x08001860        0x8 ./Core/Src/stm32f4xx_it.o
                0x08001860                UsageFault_Handler
 .text.SVC_Handler
                0x08001868        0xe ./Core/Src/stm32f4xx_it.o
                0x08001868                SVC_Handler
 .text.DebugMon_Handler
                0x08001876        0xe ./Core/Src/stm32f4xx_it.o
                0x08001876                DebugMon_Handler
 .text.PendSV_Handler
                0x08001884        0xe ./Core/Src/stm32f4xx_it.o
                0x08001884                PendSV_Handler
 .text.SysTick_Handler
                0x08001892        0xc ./Core/Src/stm32f4xx_it.o
                0x08001892                SysTick_Handler
 *fill*         0x0800189e        0x2 
 .text.TIM2_IRQHandler
                0x080018a0       0x14 ./Core/Src/stm32f4xx_it.o
                0x080018a0                TIM2_IRQHandler
 .text.SystemInit
                0x080018b4       0x24 ./Core/Src/system_stm32f4xx.o
                0x080018b4                SystemInit
 .text.Reset_Handler
                0x080018d8       0x50 ./Core/Startup/startup_stm32f446retx.o
                0x080018d8                Reset_Handler
 .text.Default_Handler
                0x08001928        0x2 ./Core/Startup/startup_stm32f446retx.o
                0x08001928                RTC_Alarm_IRQHandler
                0x08001928                EXTI2_IRQHandler
                0x08001928                TIM8_CC_IRQHandler
                0x08001928                FMPI2C1_EV_IRQHandler
                0x08001928                SPI4_IRQHandler
                0x08001928                TIM1_CC_IRQHandler
                0x08001928                DMA2_Stream5_IRQHandler
                0x08001928                DMA1_Stream5_IRQHandler
                0x08001928                PVD_IRQHandler
                0x08001928                SDIO_IRQHandler
                0x08001928                TAMP_STAMP_IRQHandler
                0x08001928                CAN2_RX1_IRQHandler
                0x08001928                EXTI3_IRQHandler
                0x08001928                TIM8_TRG_COM_TIM14_IRQHandler
                0x08001928                TIM1_UP_TIM10_IRQHandler
                0x08001928                TIM8_UP_TIM13_IRQHandler
                0x08001928                I2C3_ER_IRQHandler
                0x08001928                EXTI0_IRQHandler
                0x08001928                I2C2_EV_IRQHandler
                0x08001928                DMA1_Stream2_IRQHandler
                0x08001928                CAN1_RX0_IRQHandler
                0x08001928                FPU_IRQHandler
                0x08001928                OTG_HS_WKUP_IRQHandler
                0x08001928                CAN2_SCE_IRQHandler
                0x08001928                DMA2_Stream2_IRQHandler
                0x08001928                SPI1_IRQHandler
                0x08001928                TIM6_DAC_IRQHandler
                0x08001928                TIM1_BRK_TIM9_IRQHandler
                0x08001928                DCMI_IRQHandler
                0x08001928                CAN2_RX0_IRQHandler
                0x08001928                DMA2_Stream3_IRQHandler
                0x08001928                SAI2_IRQHandler
                0x08001928                USART6_IRQHandler
                0x08001928                USART3_IRQHandler
                0x08001928                CAN1_RX1_IRQHandler
                0x08001928                UART5_IRQHandler
                0x08001928                DMA2_Stream0_IRQHandler
                0x08001928                TIM4_IRQHandler
                0x08001928                QUADSPI_IRQHandler
                0x08001928                I2C1_EV_IRQHandler
                0x08001928                DMA1_Stream6_IRQHandler
                0x08001928                DMA1_Stream1_IRQHandler
                0x08001928                UART4_IRQHandler
                0x08001928                TIM3_IRQHandler
                0x08001928                RCC_IRQHandler
                0x08001928                TIM8_BRK_TIM12_IRQHandler
                0x08001928                Default_Handler
                0x08001928                CEC_IRQHandler
                0x08001928                EXTI15_10_IRQHandler
                0x08001928                ADC_IRQHandler
                0x08001928                DMA1_Stream7_IRQHandler
                0x08001928                TIM7_IRQHandler
                0x08001928                CAN2_TX_IRQHandler
                0x08001928                TIM5_IRQHandler
                0x08001928                DMA2_Stream7_IRQHandler
                0x08001928                I2C3_EV_IRQHandler
                0x08001928                EXTI9_5_IRQHandler
                0x08001928                RTC_WKUP_IRQHandler
                0x08001928                SPDIF_RX_IRQHandler
                0x08001928                SPI2_IRQHandler
                0x08001928                OTG_HS_EP1_IN_IRQHandler
                0x08001928                DMA1_Stream0_IRQHandler
                0x08001928                CAN1_TX_IRQHandler
                0x08001928                FMPI2C1_ER_IRQHandler
                0x08001928                EXTI4_IRQHandler
                0x08001928                OTG_HS_EP1_OUT_IRQHandler
                0x08001928                WWDG_IRQHandler
                0x08001928                OTG_FS_WKUP_IRQHandler
                0x08001928                TIM1_TRG_COM_TIM11_IRQHandler
                0x08001928                OTG_HS_IRQHandler
                0x08001928                EXTI1_IRQHandler
                0x08001928                USART2_IRQHandler
                0x08001928                I2C2_ER_IRQHandler
                0x08001928                DMA2_Stream1_IRQHandler
                0x08001928                CAN1_SCE_IRQHandler
                0x08001928                FLASH_IRQHandler
                0x08001928                DMA2_Stream4_IRQHandler
                0x08001928                USART1_IRQHandler
                0x08001928                OTG_FS_IRQHandler
                0x08001928                SPI3_IRQHandler
                0x08001928                DMA1_Stream4_IRQHandler
                0x08001928                I2C1_ER_IRQHandler
                0x08001928                FMC_IRQHandler
                0x08001928                DMA2_Stream6_IRQHandler
                0x08001928                SAI1_IRQHandler
                0x08001928                DMA1_Stream3_IRQHandler
 *fill*         0x0800192a        0x2 
 .text.HAL_Init
                0x0800192c       0x44 ./Drivers/STM32F4xx_HAL_Driver/Src/stm32f4xx_hal.o
                0x0800192c                HAL_Init
 .text.HAL_InitTick
                0x08001970       0x60 ./Drivers/STM32F4xx_HAL_Driver/Src/stm32f4xx_hal.o
                0x08001970                HAL_InitTick
 .text.HAL_IncTick
                0x080019d0       0x28 ./Drivers/STM32F4xx_HAL_Driver/Src/stm32f4xx_hal.o
                0x080019d0                HAL_IncTick
 .text.HAL_GetTick
                0x080019f8       0x18 ./Drivers/STM32F4xx_HAL_Driver/Src/stm32f4xx_hal.o
                0x080019f8                HAL_GetTick
 .text.HAL_Delay
                0x08001a10       0x48 ./Drivers/STM32F4xx_HAL_Driver/Src/stm32f4xx_hal.o
                0x08001a10                HAL_Delay
 .text.__NVIC_SetPriorityGrouping
                0x08001a58       0x48 ./Drivers/STM32F4xx_HAL_Driver/Src/stm32f4xx_hal_cortex.o
 .text.__NVIC_GetPriorityGrouping
                0x08001aa0       0x1c ./Drivers/STM32F4xx_HAL_Driver/Src/stm32f4xx_hal_cortex.o
 .text.__NVIC_EnableIRQ
                0x08001abc       0x3c ./Drivers/STM32F4xx_HAL_Driver/Src/stm32f4xx_hal_cortex.o
 .text.__NVIC_SetPriority
                0x08001af8       0x54 ./Drivers/STM32F4xx_HAL_Driver/Src/stm32f4xx_hal_cortex.o
 .text.NVIC_EncodePriority
                0x08001b4c       0x66 ./Drivers/STM32F4xx_HAL_Driver/Src/stm32f4xx_hal_cortex.o
 *fill*         0x08001bb2        0x2 
 .text.SysTick_Config
                0x08001bb4       0x44 ./Drivers/STM32F4xx_HAL_Driver/Src/stm32f4xx_hal_cortex.o
 .text.HAL_NVIC_SetPriorityGrouping
                0x08001bf8       0x16 ./Drivers/STM32F4xx_HAL_Driver/Src/stm32f4xx_hal_cortex.o
                0x08001bf8                HAL_NVIC_SetPriorityGrouping
 .text.HAL_NVIC_SetPriority
                0x08001c0e       0x38 ./Drivers/STM32F4xx_HAL_Driver/Src/stm32f4xx_hal_cortex.o
                0x08001c0e                HAL_NVIC_SetPriority
 .text.HAL_NVIC_EnableIRQ
                0x08001c46       0x1c ./Drivers/STM32F4xx_HAL_Driver/Src/stm32f4xx_hal_cortex.o
                0x08001c46                HAL_NVIC_EnableIRQ
 .text.HAL_SYSTICK_Config
                0x08001c62       0x18 ./Drivers/STM32F4xx_HAL_Driver/Src/stm32f4xx_hal_cortex.o
                0x08001c62                HAL_SYSTICK_Config
 *fill*         0x08001c7a        0x2 
 .text.HAL_GPIO_Init
                0x08001c7c      0x328 ./Drivers/STM32F4xx_HAL_Driver/Src/stm32f4xx_hal_gpio.o
                0x08001c7c                HAL_GPIO_Init
 .text.HAL_GPIO_WritePin
                0x08001fa4       0x32 ./Drivers/STM32F4xx_HAL_Driver/Src/stm32f4xx_hal_gpio.o
                0x08001fa4                HAL_GPIO_WritePin
 *fill*         0x08001fd6        0x2 
 .text.HAL_PWREx_EnableOverDrive
                0x08001fd8       0xa0 ./Drivers/STM32F4xx_HAL_Driver/Src/stm32f4xx_hal_pwr_ex.o
                0x08001fd8                HAL_PWREx_EnableOverDrive
 .text.HAL_RCC_ClockConfig
                0x08002078      0x1cc ./Drivers/STM32F4xx_HAL_Driver/Src/stm32f4xx_hal_rcc.o
                0x08002078                HAL_RCC_ClockConfig
 .text.HAL_RCC_GetHCLKFreq
                0x08002244       0x18 ./Drivers/STM32F4xx_HAL_Driver/Src/stm32f4xx_hal_rcc.o
                0x08002244                HAL_RCC_GetHCLKFreq
 .text.HAL_RCC_GetPCLK1Freq
                0x0800225c       0x28 ./Drivers/STM32F4xx_HAL_Driver/Src/stm32f4xx_hal_rcc.o
                0x0800225c                HAL_RCC_GetPCLK1Freq
 .text.HAL_RCC_GetPCLK2Freq
                0x08002284       0x28 ./Drivers/STM32F4xx_HAL_Driver/Src/stm32f4xx_hal_rcc.o
                0x08002284                HAL_RCC_GetPCLK2Freq
 .text.HAL_RCC_GetSysClockFreq
                0x080022ac      0x460 ./Drivers/STM32F4xx_HAL_Driver/Src/stm32f4xx_hal_rcc_ex.o
                0x080022ac                HAL_RCC_GetSysClockFreq
 .text.HAL_RCC_OscConfig
                0x0800270c      0x53c ./Drivers/STM32F4xx_HAL_Driver/Src/stm32f4xx_hal_rcc_ex.o
                0x0800270c                HAL_RCC_OscConfig
 .text.HAL_TIM_PWM_Init
                0x08002c48       0x9e ./Drivers/STM32F4xx_HAL_Driver/Src/stm32f4xx_hal_tim.o
                0x08002c48                HAL_TIM_PWM_Init
 *fill*         0x08002ce6        0x2 
 .text.HAL_TIM_PWM_Start
                0x08002ce8      0x190 ./Drivers/STM32F4xx_HAL_Driver/Src/stm32f4xx_hal_tim.o
                0x08002ce8                HAL_TIM_PWM_Start
 .text.HAL_TIM_Encoder_Init
                0x08002e78      0x14c ./Drivers/STM32F4xx_HAL_Driver/Src/stm32f4xx_hal_tim.o
                0x08002e78                HAL_TIM_Encoder_Init
 .text.HAL_TIM_Encoder_Start_IT
                0x08002fc4      0x15c ./Drivers/STM32F4xx_HAL_Driver/Src/stm32f4xx_hal_tim.o
                0x08002fc4                HAL_TIM_Encoder_Start_IT
 .text.HAL_TIM_IRQHandler
                0x08003120      0x1e0 ./Drivers/STM32F4xx_HAL_Driver/Src/stm32f4xx_hal_tim.o
                0x08003120                HAL_TIM_IRQHandler
 .text.HAL_TIM_PWM_ConfigChannel
                0x08003300      0x184 ./Drivers/STM32F4xx_HAL_Driver/Src/stm32f4xx_hal_tim.o
                0x08003300                HAL_TIM_PWM_ConfigChannel
 .text.HAL_TIM_PeriodElapsedCallback
                0x08003484       0x14 ./Drivers/STM32F4xx_HAL_Driver/Src/stm32f4xx_hal_tim.o
                0x08003484                HAL_TIM_PeriodElapsedCallback
 .text.HAL_TIM_OC_DelayElapsedCallback
                0x08003498       0x14 ./Drivers/STM32F4xx_HAL_Driver/Src/stm32f4xx_hal_tim.o
                0x08003498                HAL_TIM_OC_DelayElapsedCallback
 .text.HAL_TIM_IC_CaptureCallback
                0x080034ac       0x14 ./Drivers/STM32F4xx_HAL_Driver/Src/stm32f4xx_hal_tim.o
                0x080034ac                HAL_TIM_IC_CaptureCallback
 .text.HAL_TIM_PWM_PulseFinishedCallback
                0x080034c0       0x14 ./Drivers/STM32F4xx_HAL_Driver/Src/stm32f4xx_hal_tim.o
                0x080034c0                HAL_TIM_PWM_PulseFinishedCallback
 .text.HAL_TIM_TriggerCallback
                0x080034d4       0x14 ./Drivers/STM32F4xx_HAL_Driver/Src/stm32f4xx_hal_tim.o
                0x080034d4                HAL_TIM_TriggerCallback
 .text.TIM_Base_SetConfig
                0x080034e8      0x158 ./Drivers/STM32F4xx_HAL_Driver/Src/stm32f4xx_hal_tim.o
                0x080034e8                TIM_Base_SetConfig
 .text.TIM_OC1_SetConfig
                0x08003640       0xe0 ./Drivers/STM32F4xx_HAL_Driver/Src/stm32f4xx_hal_tim.o
 .text.TIM_OC2_SetConfig
                0x08003720       0xec ./Drivers/STM32F4xx_HAL_Driver/Src/stm32f4xx_hal_tim.o
                0x08003720                TIM_OC2_SetConfig
 .text.TIM_OC3_SetConfig
                0x0800380c       0xe8 ./Drivers/STM32F4xx_HAL_Driver/Src/stm32f4xx_hal_tim.o
 .text.TIM_OC4_SetConfig
                0x080038f4       0xac ./Drivers/STM32F4xx_HAL_Driver/Src/stm32f4xx_hal_tim.o
 .text.TIM_CCxChannelCmd
                0x080039a0       0x4a ./Drivers/STM32F4xx_HAL_Driver/Src/stm32f4xx_hal_tim.o
                0x080039a0                TIM_CCxChannelCmd
 *fill*         0x080039ea        0x2 
 .text.HAL_TIMEx_MasterConfigSynchronization
                0x080039ec       0xf8 ./Drivers/STM32F4xx_HAL_Driver/Src/stm32f4xx_hal_tim_ex.o
                0x080039ec                HAL_TIMEx_MasterConfigSynchronization
 .text.HAL_TIMEx_CommutCallback
                0x08003ae4       0x14 ./Drivers/STM32F4xx_HAL_Driver/Src/stm32f4xx_hal_tim_ex.o
                0x08003ae4                HAL_TIMEx_CommutCallback
 .text.HAL_TIMEx_BreakCallback
                0x08003af8       0x14 ./Drivers/STM32F4xx_HAL_Driver/Src/stm32f4xx_hal_tim_ex.o
                0x08003af8                HAL_TIMEx_BreakCallback
 .text.HAL_UART_Init
                0x08003b0c       0xa0 ./Drivers/STM32F4xx_HAL_Driver/Src/stm32f4xx_hal_uart.o
                0x08003b0c                HAL_UART_Init
 .text.UART_SetConfig
                0x08003bac      0x4e8 ./Drivers/STM32F4xx_HAL_Driver/Src/stm32f4xx_hal_uart.o
 .text.memset   0x08004094       0x10 /home/pablome/Apps/STM32CubeIDE/plugins/com.st.stm32cube.ide.mcu.externaltools.gnu-tools-for-stm32.12.3.rel1.linux64_1.0.100.202403111256/tools/bin/../lib/gcc/arm-none-eabi/12.3.1/../../../../arm-none-eabi/lib/thumb/v7e-m+fp/hard/libc_nano.a(libc_a-memset.o)
                0x08004094                memset
 .text.__libc_init_array
                0x080040a4       0x48 /home/pablome/Apps/STM32CubeIDE/plugins/com.st.stm32cube.ide.mcu.externaltools.gnu-tools-for-stm32.12.3.rel1.linux64_1.0.100.202403111256/tools/bin/../lib/gcc/arm-none-eabi/12.3.1/../../../../arm-none-eabi/lib/thumb/v7e-m+fp/hard/libc_nano.a(libc_a-init.o)
                0x080040a4                __libc_init_array
 .text.memcpy   0x080040ec       0x1c /home/pablome/Apps/STM32CubeIDE/plugins/com.st.stm32cube.ide.mcu.externaltools.gnu-tools-for-stm32.12.3.rel1.linux64_1.0.100.202403111256/tools/bin/../lib/gcc/arm-none-eabi/12.3.1/../../../../arm-none-eabi/lib/thumb/v7e-m+fp/hard/libc_nano.a(libc_a-memcpy-stub.o)
                0x080040ec                memcpy
 *(.glue_7)
 .glue_7        0x08004108        0x0 linker stubs
 *(.glue_7t)
 .glue_7t       0x08004108        0x0 linker stubs
 *(.eh_frame)
 .eh_frame      0x08004108        0x0 /home/pablome/Apps/STM32CubeIDE/plugins/com.st.stm32cube.ide.mcu.externaltools.gnu-tools-for-stm32.12.3.rel1.linux64_1.0.100.202403111256/tools/bin/../lib/gcc/arm-none-eabi/12.3.1/thumb/v7e-m+fp/hard/crtbegin.o
 *(.init)
 .init          0x08004108        0x4 /home/pablome/Apps/STM32CubeIDE/plugins/com.st.stm32cube.ide.mcu.externaltools.gnu-tools-for-stm32.12.3.rel1.linux64_1.0.100.202403111256/tools/bin/../lib/gcc/arm-none-eabi/12.3.1/thumb/v7e-m+fp/hard/crti.o
                0x08004108                _init
 .init          0x0800410c        0x8 /home/pablome/Apps/STM32CubeIDE/plugins/com.st.stm32cube.ide.mcu.externaltools.gnu-tools-for-stm32.12.3.rel1.linux64_1.0.100.202403111256/tools/bin/../lib/gcc/arm-none-eabi/12.3.1/thumb/v7e-m+fp/hard/crtn.o
 *(.fini)
 .fini          0x08004114        0x4 /home/pablome/Apps/STM32CubeIDE/plugins/com.st.stm32cube.ide.mcu.externaltools.gnu-tools-for-stm32.12.3.rel1.linux64_1.0.100.202403111256/tools/bin/../lib/gcc/arm-none-eabi/12.3.1/thumb/v7e-m+fp/hard/crti.o
                0x08004114                _fini
 .fini          0x08004118        0x8 /home/pablome/Apps/STM32CubeIDE/plugins/com.st.stm32cube.ide.mcu.externaltools.gnu-tools-for-stm32.12.3.rel1.linux64_1.0.100.202403111256/tools/bin/../lib/gcc/arm-none-eabi/12.3.1/thumb/v7e-m+fp/hard/crtn.o
                0x08004120                        . = ALIGN (0x4)
                0x08004120                        _etext = .

.vfp11_veneer   0x08004120        0x0
 .vfp11_veneer  0x08004120        0x0 linker stubs

.v4_bx          0x08004120        0x0
 .v4_bx         0x08004120        0x0 linker stubs

.iplt           0x08004120        0x0
 .iplt          0x08004120        0x0 /home/pablome/Apps/STM32CubeIDE/plugins/com.st.stm32cube.ide.mcu.externaltools.gnu-tools-for-stm32.12.3.rel1.linux64_1.0.100.202403111256/tools/bin/../lib/gcc/arm-none-eabi/12.3.1/thumb/v7e-m+fp/hard/crtbegin.o

.rodata         0x08004120       0x18
                0x08004120                        . = ALIGN (0x4)
 *(.rodata)
 *(.rodata*)
 .rodata.AHBPrescTable
                0x08004120       0x10 ./Core/Src/system_stm32f4xx.o
                0x08004120                AHBPrescTable
 .rodata.APBPrescTable
                0x08004130        0x8 ./Core/Src/system_stm32f4xx.o
                0x08004130                APBPrescTable
                0x08004138                        . = ALIGN (0x4)

.ARM.extab      0x08004138        0x0
                0x08004138                        . = ALIGN (0x4)
 *(.ARM.extab* .gnu.linkonce.armextab.*)
                0x08004138                        . = ALIGN (0x4)

.ARM            0x08004138        0x8
                0x08004138                        . = ALIGN (0x4)
                0x08004138                        __exidx_start = .
 *(.ARM.exidx*)
 .ARM.exidx     0x08004138        0x8 /home/pablome/Apps/STM32CubeIDE/plugins/com.st.stm32cube.ide.mcu.externaltools.gnu-tools-for-stm32.12.3.rel1.linux64_1.0.100.202403111256/tools/bin/../lib/gcc/arm-none-eabi/12.3.1/thumb/v7e-m+fp/hard/libgcc.a(_udivmoddi4.o)
                0x08004140                        __exidx_end = .
                0x08004140                        . = ALIGN (0x4)

.preinit_array  0x08004140        0x0
                0x08004140                        . = ALIGN (0x4)
                0x08004140                        PROVIDE (__preinit_array_start = .)
 *(.preinit_array*)
                0x08004140                        PROVIDE (__preinit_array_end = .)
                0x08004140                        . = ALIGN (0x4)

.init_array     0x08004140        0x4
                0x08004140                        . = ALIGN (0x4)
                0x08004140                        PROVIDE (__init_array_start = .)
 *(SORT_BY_NAME(.init_array.*))
 *(.init_array*)
 .init_array    0x08004140        0x4 /home/pablome/Apps/STM32CubeIDE/plugins/com.st.stm32cube.ide.mcu.externaltools.gnu-tools-for-stm32.12.3.rel1.linux64_1.0.100.202403111256/tools/bin/../lib/gcc/arm-none-eabi/12.3.1/thumb/v7e-m+fp/hard/crtbegin.o
                0x08004144                        PROVIDE (__init_array_end = .)
                0x08004144                        . = ALIGN (0x4)

.fini_array     0x08004144        0x4
                0x08004144                        . = ALIGN (0x4)
                [!provide]                        PROVIDE (__fini_array_start = .)
 *(SORT_BY_NAME(.fini_array.*))
 *(.fini_array*)
 .fini_array    0x08004144        0x4 /home/pablome/Apps/STM32CubeIDE/plugins/com.st.stm32cube.ide.mcu.externaltools.gnu-tools-for-stm32.12.3.rel1.linux64_1.0.100.202403111256/tools/bin/../lib/gcc/arm-none-eabi/12.3.1/thumb/v7e-m+fp/hard/crtbegin.o
                [!provide]                        PROVIDE (__fini_array_end = .)
                0x08004148                        . = ALIGN (0x4)
                0x08004148                        _sidata = LOADADDR (.data)

.rel.dyn        0x08004148        0x0
 .rel.iplt      0x08004148        0x0 /home/pablome/Apps/STM32CubeIDE/plugins/com.st.stm32cube.ide.mcu.externaltools.gnu-tools-for-stm32.12.3.rel1.linux64_1.0.100.202403111256/tools/bin/../lib/gcc/arm-none-eabi/12.3.1/thumb/v7e-m+fp/hard/crtbegin.o

.data           0x20000000        0xc load address 0x08004148
                0x20000000                        . = ALIGN (0x4)
                0x20000000                        _sdata = .
 *(.data)
 *(.data*)
 .data.SystemCoreClock
                0x20000000        0x4 ./Core/Src/system_stm32f4xx.o
                0x20000000                SystemCoreClock
 .data.uwTickPrio
                0x20000004        0x4 ./Drivers/STM32F4xx_HAL_Driver/Src/stm32f4xx_hal.o
                0x20000004                uwTickPrio
 .data.uwTickFreq
                0x20000008        0x1 ./Drivers/STM32F4xx_HAL_Driver/Src/stm32f4xx_hal.o
                0x20000008                uwTickFreq
 *(.RamFunc)
 *(.RamFunc*)
                0x2000000c                        . = ALIGN (0x4)
 *fill*         0x20000009        0x3 
                0x2000000c                        _edata = .

.igot.plt       0x2000000c        0x0 load address 0x08004154
 .igot.plt      0x2000000c        0x0 /home/pablome/Apps/STM32CubeIDE/plugins/com.st.stm32cube.ide.mcu.externaltools.gnu-tools-for-stm32.12.3.rel1.linux64_1.0.100.202403111256/tools/bin/../lib/gcc/arm-none-eabi/12.3.1/thumb/v7e-m+fp/hard/crtbegin.o
                0x2000000c                        . = ALIGN (0x4)

.bss            0x20000010      0x104 load address 0x08004154
                0x20000010                        _sbss = .
                0x20000010                        __bss_start__ = _sbss
 *(.bss)
 .bss           0x20000010       0x1c /home/pablome/Apps/STM32CubeIDE/plugins/com.st.stm32cube.ide.mcu.externaltools.gnu-tools-for-stm32.12.3.rel1.linux64_1.0.100.202403111256/tools/bin/../lib/gcc/arm-none-eabi/12.3.1/thumb/v7e-m+fp/hard/crtbegin.o
 *(.bss*)
 .bss.htim2     0x2000002c       0x48 ./Core/Src/main.o
                0x2000002c                htim2
 .bss.htim3     0x20000074       0x48 ./Core/Src/main.o
                0x20000074                htim3
 .bss.huart2    0x200000bc       0x48 ./Core/Src/main.o
                0x200000bc                huart2
 .bss.counter   0x20000104        0x4 ./Core/Src/main.o
                0x20000104                counter
 .bss.turnCounter
                0x20000108        0x8 ./Core/Src/main.o
                0x20000108                turnCounter
 .bss.uwTick    0x20000110        0x4 ./Drivers/STM32F4xx_HAL_Driver/Src/stm32f4xx_hal.o
                0x20000110                uwTick
 *(COMMON)
                0x20000114                        . = ALIGN (0x4)
                0x20000114                        _ebss = .
                0x20000114                        __bss_end__ = _ebss

._user_heap_stack
                0x20000114      0x604 load address 0x08004154
                0x20000118                        . = ALIGN (0x8)
 *fill*         0x20000114        0x4 
                [!provide]                        PROVIDE (end = .)
                0x20000118                        PROVIDE (_end = .)
                0x20000318                        . = (. + _Min_Heap_Size)
 *fill*         0x20000118      0x200 
                0x20000718                        . = (. + _Min_Stack_Size)
 *fill*         0x20000318      0x400 
                0x20000718                        . = ALIGN (0x8)

/DISCARD/
 libc.a(*)
 libm.a(*)
 libgcc.a(*)

.ARM.attributes
                0x00000000       0x30
 *(.ARM.attributes)
 .ARM.attributes
                0x00000000       0x22 /home/pablome/Apps/STM32CubeIDE/plugins/com.st.stm32cube.ide.mcu.externaltools.gnu-tools-for-stm32.12.3.rel1.linux64_1.0.100.202403111256/tools/bin/../lib/gcc/arm-none-eabi/12.3.1/thumb/v7e-m+fp/hard/crti.o
 .ARM.attributes
                0x00000022       0x34 /home/pablome/Apps/STM32CubeIDE/plugins/com.st.stm32cube.ide.mcu.externaltools.gnu-tools-for-stm32.12.3.rel1.linux64_1.0.100.202403111256/tools/bin/../lib/gcc/arm-none-eabi/12.3.1/thumb/v7e-m+fp/hard/crtbegin.o
 .ARM.attributes
                0x00000056       0x34 ./Core/Src/main.o
 .ARM.attributes
                0x0000008a       0x34 ./Core/Src/motor.o
 .ARM.attributes
                0x000000be       0x34 ./Core/Src/stm32f4xx_hal_msp.o
 .ARM.attributes
                0x000000f2       0x34 ./Core/Src/stm32f4xx_it.o
 .ARM.attributes
                0x00000126       0x34 ./Core/Src/system_stm32f4xx.o
 .ARM.attributes
                0x0000015a       0x21 ./Core/Startup/startup_stm32f446retx.o
 .ARM.attributes
                0x0000017b       0x34 ./Drivers/STM32F4xx_HAL_Driver/Src/stm32f4xx_hal.o
 .ARM.attributes
                0x000001af       0x34 ./Drivers/STM32F4xx_HAL_Driver/Src/stm32f4xx_hal_cortex.o
 .ARM.attributes
                0x000001e3       0x34 ./Drivers/STM32F4xx_HAL_Driver/Src/stm32f4xx_hal_gpio.o
 .ARM.attributes
                0x00000217       0x34 ./Drivers/STM32F4xx_HAL_Driver/Src/stm32f4xx_hal_pwr_ex.o
 .ARM.attributes
                0x0000024b       0x34 ./Drivers/STM32F4xx_HAL_Driver/Src/stm32f4xx_hal_rcc.o
 .ARM.attributes
                0x0000027f       0x34 ./Drivers/STM32F4xx_HAL_Driver/Src/stm32f4xx_hal_rcc_ex.o
 .ARM.attributes
                0x000002b3       0x34 ./Drivers/STM32F4xx_HAL_Driver/Src/stm32f4xx_hal_tim.o
 .ARM.attributes
                0x000002e7       0x34 ./Drivers/STM32F4xx_HAL_Driver/Src/stm32f4xx_hal_tim_ex.o
 .ARM.attributes
                0x0000031b       0x34 ./Drivers/STM32F4xx_HAL_Driver/Src/stm32f4xx_hal_uart.o
 .ARM.attributes
                0x0000034f       0x34 /home/pablome/Apps/STM32CubeIDE/plugins/com.st.stm32cube.ide.mcu.externaltools.gnu-tools-for-stm32.12.3.rel1.linux64_1.0.100.202403111256/tools/bin/../lib/gcc/arm-none-eabi/12.3.1/../../../../arm-none-eabi/lib/thumb/v7e-m+fp/hard/libc_nano.a(libc_a-memset.o)
 .ARM.attributes
                0x00000383       0x34 /home/pablome/Apps/STM32CubeIDE/plugins/com.st.stm32cube.ide.mcu.externaltools.gnu-tools-for-stm32.12.3.rel1.linux64_1.0.100.202403111256/tools/bin/../lib/gcc/arm-none-eabi/12.3.1/../../../../arm-none-eabi/lib/thumb/v7e-m+fp/hard/libc_nano.a(libc_a-init.o)
 .ARM.attributes
                0x000003b7       0x34 /home/pablome/Apps/STM32CubeIDE/plugins/com.st.stm32cube.ide.mcu.externaltools.gnu-tools-for-stm32.12.3.rel1.linux64_1.0.100.202403111256/tools/bin/../lib/gcc/arm-none-eabi/12.3.1/../../../../arm-none-eabi/lib/thumb/v7e-m+fp/hard/libc_nano.a(libc_a-memcpy-stub.o)
 .ARM.attributes
                0x000003eb       0x22 /home/pablome/Apps/STM32CubeIDE/plugins/com.st.stm32cube.ide.mcu.externaltools.gnu-tools-for-stm32.12.3.rel1.linux64_1.0.100.202403111256/tools/bin/../lib/gcc/arm-none-eabi/12.3.1/thumb/v7e-m+fp/hard/libgcc.a(_arm_addsubdf3.o)
 .ARM.attributes
                0x0000040d       0x22 /home/pablome/Apps/STM32CubeIDE/plugins/com.st.stm32cube.ide.mcu.externaltools.gnu-tools-for-stm32.12.3.rel1.linux64_1.0.100.202403111256/tools/bin/../lib/gcc/arm-none-eabi/12.3.1/thumb/v7e-m+fp/hard/libgcc.a(_arm_muldivdf3.o)
 .ARM.attributes
                0x0000042f       0x22 /home/pablome/Apps/STM32CubeIDE/plugins/com.st.stm32cube.ide.mcu.externaltools.gnu-tools-for-stm32.12.3.rel1.linux64_1.0.100.202403111256/tools/bin/../lib/gcc/arm-none-eabi/12.3.1/thumb/v7e-m+fp/hard/libgcc.a(_arm_cmpdf2.o)
 .ARM.attributes
                0x00000451       0x22 /home/pablome/Apps/STM32CubeIDE/plugins/com.st.stm32cube.ide.mcu.externaltools.gnu-tools-for-stm32.12.3.rel1.linux64_1.0.100.202403111256/tools/bin/../lib/gcc/arm-none-eabi/12.3.1/thumb/v7e-m+fp/hard/libgcc.a(_arm_fixunsdfsi.o)
 .ARM.attributes
                0x00000473       0x22 /home/pablome/Apps/STM32CubeIDE/plugins/com.st.stm32cube.ide.mcu.externaltools.gnu-tools-for-stm32.12.3.rel1.linux64_1.0.100.202403111256/tools/bin/../lib/gcc/arm-none-eabi/12.3.1/thumb/v7e-m+fp/hard/libgcc.a(_aeabi_uldivmod.o)
 .ARM.attributes
                0x00000495       0x34 /home/pablome/Apps/STM32CubeIDE/plugins/com.st.stm32cube.ide.mcu.externaltools.gnu-tools-for-stm32.12.3.rel1.linux64_1.0.100.202403111256/tools/bin/../lib/gcc/arm-none-eabi/12.3.1/thumb/v7e-m+fp/hard/libgcc.a(_udivmoddi4.o)
 .ARM.attributes
                0x000004c9       0x22 /home/pablome/Apps/STM32CubeIDE/plugins/com.st.stm32cube.ide.mcu.externaltools.gnu-tools-for-stm32.12.3.rel1.linux64_1.0.100.202403111256/tools/bin/../lib/gcc/arm-none-eabi/12.3.1/thumb/v7e-m+fp/hard/libgcc.a(_dvmd_tls.o)
 .ARM.attributes
                0x000004eb       0x22 /home/pablome/Apps/STM32CubeIDE/plugins/com.st.stm32cube.ide.mcu.externaltools.gnu-tools-for-stm32.12.3.rel1.linux64_1.0.100.202403111256/tools/bin/../lib/gcc/arm-none-eabi/12.3.1/thumb/v7e-m+fp/hard/crtn.o
OUTPUT(motor.elf elf32-littlearm)
LOAD linker stubs
LOAD /home/pablome/Apps/STM32CubeIDE/plugins/com.st.stm32cube.ide.mcu.externaltools.gnu-tools-for-stm32.12.3.rel1.linux64_1.0.100.202403111256/tools/bin/../lib/gcc/arm-none-eabi/12.3.1/../../../../arm-none-eabi/lib/thumb/v7e-m+fp/hard/libc.a
LOAD /home/pablome/Apps/STM32CubeIDE/plugins/com.st.stm32cube.ide.mcu.externaltools.gnu-tools-for-stm32.12.3.rel1.linux64_1.0.100.202403111256/tools/bin/../lib/gcc/arm-none-eabi/12.3.1/../../../../arm-none-eabi/lib/thumb/v7e-m+fp/hard/libm.a
LOAD /home/pablome/Apps/STM32CubeIDE/plugins/com.st.stm32cube.ide.mcu.externaltools.gnu-tools-for-stm32.12.3.rel1.linux64_1.0.100.202403111256/tools/bin/../lib/gcc/arm-none-eabi/12.3.1/thumb/v7e-m+fp/hard/libgcc.a

.debug_info     0x00000000     0xdd6b
 .debug_info    0x00000000     0x12d9 ./Core/Src/main.o
 .debug_info    0x000012d9      0x8d7 ./Core/Src/motor.o
 .debug_info    0x00001bb0     0x1062 ./Core/Src/stm32f4xx_hal_msp.o
 .debug_info    0x00002c12      0x6e1 ./Core/Src/stm32f4xx_it.o
 .debug_info    0x000032f3      0x54a ./Core/Src/system_stm32f4xx.o
 .debug_info    0x0000383d       0x30 ./Core/Startup/startup_stm32f446retx.o
 .debug_info    0x0000386d      0x99a ./Drivers/STM32F4xx_HAL_Driver/Src/stm32f4xx_hal.o
 .debug_info    0x00004207      0xd75 ./Drivers/STM32F4xx_HAL_Driver/Src/stm32f4xx_hal_cortex.o
 .debug_info    0x00004f7c      0x70b ./Drivers/STM32F4xx_HAL_Driver/Src/stm32f4xx_hal_gpio.o
 .debug_info    0x00005687      0x6da ./Drivers/STM32F4xx_HAL_Driver/Src/stm32f4xx_hal_pwr_ex.o
 .debug_info    0x00005d61      0x8ed ./Drivers/STM32F4xx_HAL_Driver/Src/stm32f4xx_hal_rcc.o
 .debug_info    0x0000664e      0x956 ./Drivers/STM32F4xx_HAL_Driver/Src/stm32f4xx_hal_rcc_ex.o
 .debug_info    0x00006fa4     0x299d ./Drivers/STM32F4xx_HAL_Driver/Src/stm32f4xx_hal_tim.o
 .debug_info    0x00009941     0x14db ./Drivers/STM32F4xx_HAL_Driver/Src/stm32f4xx_hal_tim_ex.o
 .debug_info    0x0000ae1c     0x2f4f ./Drivers/STM32F4xx_HAL_Driver/Src/stm32f4xx_hal_uart.o

.debug_abbrev   0x00000000     0x1f08
 .debug_abbrev  0x00000000      0x2a0 ./Core/Src/main.o
 .debug_abbrev  0x000002a0      0x1c9 ./Core/Src/motor.o
 .debug_abbrev  0x00000469      0x227 ./Core/Src/stm32f4xx_hal_msp.o
 .debug_abbrev  0x00000690      0x192 ./Core/Src/stm32f4xx_it.o
 .debug_abbrev  0x00000822      0x11a ./Core/Src/system_stm32f4xx.o
 .debug_abbrev  0x0000093c       0x24 ./Core/Startup/startup_stm32f446retx.o
 .debug_abbrev  0x00000960      0x214 ./Drivers/STM32F4xx_HAL_Driver/Src/stm32f4xx_hal.o
 .debug_abbrev  0x00000b74      0x328 ./Drivers/STM32F4xx_HAL_Driver/Src/stm32f4xx_hal_cortex.o
 .debug_abbrev  0x00000e9c      0x1d4 ./Drivers/STM32F4xx_HAL_Driver/Src/stm32f4xx_hal_gpio.o
 .debug_abbrev  0x00001070      0x1cf ./Drivers/STM32F4xx_HAL_Driver/Src/stm32f4xx_hal_pwr_ex.o
 .debug_abbrev  0x0000123f      0x2b6 ./Drivers/STM32F4xx_HAL_Driver/Src/stm32f4xx_hal_rcc.o
 .debug_abbrev  0x000014f5      0x20a ./Drivers/STM32F4xx_HAL_Driver/Src/stm32f4xx_hal_rcc_ex.o
 .debug_abbrev  0x000016ff      0x278 ./Drivers/STM32F4xx_HAL_Driver/Src/stm32f4xx_hal_tim.o
 .debug_abbrev  0x00001977      0x283 ./Drivers/STM32F4xx_HAL_Driver/Src/stm32f4xx_hal_tim_ex.o
 .debug_abbrev  0x00001bfa      0x30e ./Drivers/STM32F4xx_HAL_Driver/Src/stm32f4xx_hal_uart.o

.debug_aranges  0x00000000      0xc90
 .debug_aranges
                0x00000000       0x50 ./Core/Src/main.o
 .debug_aranges
                0x00000050       0x28 ./Core/Src/motor.o
 .debug_aranges
                0x00000078       0x58 ./Core/Src/stm32f4xx_hal_msp.o
 .debug_aranges
                0x000000d0       0x68 ./Core/Src/stm32f4xx_it.o
 .debug_aranges
                0x00000138       0x28 ./Core/Src/system_stm32f4xx.o
 .debug_aranges
                0x00000160       0x28 ./Core/Startup/startup_stm32f446retx.o
 .debug_aranges
                0x00000188       0xf0 ./Drivers/STM32F4xx_HAL_Driver/Src/stm32f4xx_hal.o
 .debug_aranges
                0x00000278      0x120 ./Drivers/STM32F4xx_HAL_Driver/Src/stm32f4xx_hal_cortex.o
 .debug_aranges
                0x00000398       0x58 ./Drivers/STM32F4xx_HAL_Driver/Src/stm32f4xx_hal_gpio.o
 .debug_aranges
                0x000003f0       0x60 ./Drivers/STM32F4xx_HAL_Driver/Src/stm32f4xx_hal_pwr_ex.o
 .debug_aranges
                0x00000450       0x88 ./Drivers/STM32F4xx_HAL_Driver/Src/stm32f4xx_hal_rcc.o
 .debug_aranges
                0x000004d8       0x78 ./Drivers/STM32F4xx_HAL_Driver/Src/stm32f4xx_hal_rcc_ex.o
 .debug_aranges
                0x00000550      0x3d0 ./Drivers/STM32F4xx_HAL_Driver/Src/stm32f4xx_hal_tim.o
 .debug_aranges
                0x00000920      0x168 ./Drivers/STM32F4xx_HAL_Driver/Src/stm32f4xx_hal_tim_ex.o
 .debug_aranges
                0x00000a88      0x208 ./Drivers/STM32F4xx_HAL_Driver/Src/stm32f4xx_hal_uart.o

.debug_rnglists
                0x00000000      0x9da
 .debug_rnglists
                0x00000000       0x3c ./Core/Src/main.o
 .debug_rnglists
                0x0000003c       0x1b ./Core/Src/motor.o
 .debug_rnglists
                0x00000057       0x3f ./Core/Src/stm32f4xx_hal_msp.o
 .debug_rnglists
                0x00000096       0x49 ./Core/Src/stm32f4xx_it.o
 .debug_rnglists
                0x000000df       0x1a ./Core/Src/system_stm32f4xx.o
 .debug_rnglists
                0x000000f9       0x19 ./Core/Startup/startup_stm32f446retx.o
 .debug_rnglists
                0x00000112       0xaf ./Drivers/STM32F4xx_HAL_Driver/Src/stm32f4xx_hal.o
 .debug_rnglists
                0x000001c1       0xd4 ./Drivers/STM32F4xx_HAL_Driver/Src/stm32f4xx_hal_cortex.o
 .debug_rnglists
                0x00000295       0x3f ./Drivers/STM32F4xx_HAL_Driver/Src/stm32f4xx_hal_gpio.o
 .debug_rnglists
                0x000002d4       0x47 ./Drivers/STM32F4xx_HAL_Driver/Src/stm32f4xx_hal_pwr_ex.o
 .debug_rnglists
                0x0000031b       0x66 ./Drivers/STM32F4xx_HAL_Driver/Src/stm32f4xx_hal_rcc.o
 .debug_rnglists
                0x00000381       0x5e ./Drivers/STM32F4xx_HAL_Driver/Src/stm32f4xx_hal_rcc_ex.o
 .debug_rnglists
                0x000003df      0x31a ./Drivers/STM32F4xx_HAL_Driver/Src/stm32f4xx_hal_tim.o
 .debug_rnglists
                0x000006f9      0x125 ./Drivers/STM32F4xx_HAL_Driver/Src/stm32f4xx_hal_tim_ex.o
 .debug_rnglists
                0x0000081e      0x1bc ./Drivers/STM32F4xx_HAL_Driver/Src/stm32f4xx_hal_uart.o

.debug_macro    0x00000000    0x21364
 .debug_macro   0x00000000      0x1fe ./Core/Src/main.o
 .debug_macro   0x000001fe      0xab4 ./Core/Src/main.o
 .debug_macro   0x00000cb2      0x29b ./Core/Src/main.o
 .debug_macro   0x00000f4d       0x2e ./Core/Src/main.o
 .debug_macro   0x00000f7b       0x28 ./Core/Src/main.o
 .debug_macro   0x00000fa3       0x22 ./Core/Src/main.o
 .debug_macro   0x00000fc5       0x8e ./Core/Src/main.o
 .debug_macro   0x00001053       0x51 ./Core/Src/main.o
 .debug_macro   0x000010a4      0x103 ./Core/Src/main.o
 .debug_macro   0x000011a7       0x6a ./Core/Src/main.o
 .debug_macro   0x00001211      0x1df ./Core/Src/main.o
 .debug_macro   0x000013f0       0x1c ./Core/Src/main.o
 .debug_macro   0x0000140c       0x22 ./Core/Src/main.o
 .debug_macro   0x0000142e       0xfb ./Core/Src/main.o
 .debug_macro   0x00001529     0x1011 ./Core/Src/main.o
 .debug_macro   0x0000253a      0x11f ./Core/Src/main.o
 .debug_macro   0x00002659    0x16749 ./Core/Src/main.o
 .debug_macro   0x00018da2       0x6d ./Core/Src/main.o
 .debug_macro   0x00018e0f     0x368c ./Core/Src/main.o
 .debug_macro   0x0001c49b      0x189 ./Core/Src/main.o
 .debug_macro   0x0001c624       0x5c ./Core/Src/main.o
 .debug_macro   0x0001c680      0xca5 ./Core/Src/main.o
 .debug_macro   0x0001d325      0x9e9 ./Core/Src/main.o
 .debug_macro   0x0001dd0e      0x115 ./Core/Src/main.o
 .debug_macro   0x0001de23      0x1a0 ./Core/Src/main.o
 .debug_macro   0x0001dfc3       0xa5 ./Core/Src/main.o
 .debug_macro   0x0001e068      0x16d ./Core/Src/main.o
 .debug_macro   0x0001e1d5      0x287 ./Core/Src/main.o
 .debug_macro   0x0001e45c       0x5f ./Core/Src/main.o
 .debug_macro   0x0001e4bb      0x236 ./Core/Src/main.o
 .debug_macro   0x0001e6f1      0x132 ./Core/Src/main.o
 .debug_macro   0x0001e823      0x29c ./Core/Src/main.o
 .debug_macro   0x0001eabf       0x2e ./Core/Src/main.o
 .debug_macro   0x0001eaed      0x127 ./Core/Src/main.o
 .debug_macro   0x0001ec14       0xe8 ./Core/Src/main.o
 .debug_macro   0x0001ecfc       0x89 ./Core/Src/main.o
 .debug_macro   0x0001ed85      0x8ed ./Core/Src/main.o
 .debug_macro   0x0001f672       0x53 ./Core/Src/main.o
 .debug_macro   0x0001f6c5      0x2aa ./Core/Src/main.o
 .debug_macro   0x0001f96f      0x126 ./Core/Src/main.o
 .debug_macro   0x0001fa95       0x58 ./Core/Src/main.o
 .debug_macro   0x0001faed       0x16 ./Core/Src/main.o
 .debug_macro   0x0001fb03      0x1dd ./Core/Src/motor.o
 .debug_macro   0x0001fce0       0x10 ./Core/Src/motor.o
 .debug_macro   0x0001fcf0      0x1dd ./Core/Src/stm32f4xx_hal_msp.o
 .debug_macro   0x0001fecd      0x1e7 ./Core/Src/stm32f4xx_it.o
 .debug_macro   0x000200b4      0x1ce ./Core/Src/system_stm32f4xx.o
 .debug_macro   0x00020282      0x22e ./Drivers/STM32F4xx_HAL_Driver/Src/stm32f4xx_hal.o
 .debug_macro   0x000204b0      0x1ce ./Drivers/STM32F4xx_HAL_Driver/Src/stm32f4xx_hal_cortex.o
 .debug_macro   0x0002067e      0x1d4 ./Drivers/STM32F4xx_HAL_Driver/Src/stm32f4xx_hal_gpio.o
 .debug_macro   0x00020852      0x1e6 ./Drivers/STM32F4xx_HAL_Driver/Src/stm32f4xx_hal_pwr_ex.o
 .debug_macro   0x00020a38      0x1f2 ./Drivers/STM32F4xx_HAL_Driver/Src/stm32f4xx_hal_rcc.o
 .debug_macro   0x00020c2a      0x1ce ./Drivers/STM32F4xx_HAL_Driver/Src/stm32f4xx_hal_rcc_ex.o
 .debug_macro   0x00020df8      0x1cf ./Drivers/STM32F4xx_HAL_Driver/Src/stm32f4xx_hal_tim.o
 .debug_macro   0x00020fc7      0x1ce ./Drivers/STM32F4xx_HAL_Driver/Src/stm32f4xx_hal_tim_ex.o
 .debug_macro   0x00021195      0x1cf ./Drivers/STM32F4xx_HAL_Driver/Src/stm32f4xx_hal_uart.o

.debug_line     0x00000000     0xeaa5
 .debug_line    0x00000000      0x8c5 ./Core/Src/main.o
 .debug_line    0x000008c5      0x78c ./Core/Src/motor.o
 .debug_line    0x00001051      0x7a9 ./Core/Src/stm32f4xx_hal_msp.o
 .debug_line    0x000017fa      0x77e ./Core/Src/stm32f4xx_it.o
 .debug_line    0x00001f78      0x728 ./Core/Src/system_stm32f4xx.o
 .debug_line    0x000026a0       0x7a ./Core/Startup/startup_stm32f446retx.o
 .debug_line    0x0000271a      0x991 ./Drivers/STM32F4xx_HAL_Driver/Src/stm32f4xx_hal.o
 .debug_line    0x000030ab      0xc59 ./Drivers/STM32F4xx_HAL_Driver/Src/stm32f4xx_hal_cortex.o
 .debug_line    0x00003d04      0xb09 ./Drivers/STM32F4xx_HAL_Driver/Src/stm32f4xx_hal_gpio.o
 .debug_line    0x0000480d      0x8ba ./Drivers/STM32F4xx_HAL_Driver/Src/stm32f4xx_hal_pwr_ex.o
 .debug_line    0x000050c7      0xd10 ./Drivers/STM32F4xx_HAL_Driver/Src/stm32f4xx_hal_rcc.o
 .debug_line    0x00005dd7     0x13af ./Drivers/STM32F4xx_HAL_Driver/Src/stm32f4xx_hal_rcc_ex.o
 .debug_line    0x00007186     0x3735 ./Drivers/STM32F4xx_HAL_Driver/Src/stm32f4xx_hal_tim.o
 .debug_line    0x0000a8bb     0x1987 ./Drivers/STM32F4xx_HAL_Driver/Src/stm32f4xx_hal_tim_ex.o
 .debug_line    0x0000c242     0x2863 ./Drivers/STM32F4xx_HAL_Driver/Src/stm32f4xx_hal_uart.o

.debug_str      0x00000000    0xcd280
 .debug_str     0x00000000    0xca117 ./Core/Src/main.o
                              0xca48a (size before relaxing)
 .debug_str     0x000ca117       0x37 ./Core/Src/motor.o
                              0xc9be9 (size before relaxing)
 .debug_str     0x000ca14e      0x642 ./Core/Src/stm32f4xx_hal_msp.o
                              0xca58f (size before relaxing)
 .debug_str     0x000ca790       0xec ./Core/Src/stm32f4xx_it.o
                              0xc9c3d (size before relaxing)
 .debug_str     0x000ca87c       0xdb ./Core/Src/system_stm32f4xx.o
                              0xc9708 (size before relaxing)
 .debug_str     0x000ca957       0x80 ./Core/Startup/startup_stm32f446retx.o
 .debug_str     0x000ca9d7      0x5f0 ./Drivers/STM32F4xx_HAL_Driver/Src/stm32f4xx_hal.o
                              0xca2cd (size before relaxing)
 .debug_str     0x000cafc7      0x33a ./Drivers/STM32F4xx_HAL_Driver/Src/stm32f4xx_hal_cortex.o
                              0xc9ff2 (size before relaxing)
 .debug_str     0x000cb301      0x121 ./Drivers/STM32F4xx_HAL_Driver/Src/stm32f4xx_hal_gpio.o
                              0xc9883 (size before relaxing)
 .debug_str     0x000cb422      0x135 ./Drivers/STM32F4xx_HAL_Driver/Src/stm32f4xx_hal_pwr_ex.o
                              0xc98e0 (size before relaxing)
 .debug_str     0x000cb557      0x233 ./Drivers/STM32F4xx_HAL_Driver/Src/stm32f4xx_hal_rcc.o
                              0xc9b41 (size before relaxing)
 .debug_str     0x000cb78a      0x31c ./Drivers/STM32F4xx_HAL_Driver/Src/stm32f4xx_hal_rcc_ex.o
                              0xc9b74 (size before relaxing)
 .debug_str     0x000cbaa6      0xd11 ./Drivers/STM32F4xx_HAL_Driver/Src/stm32f4xx_hal_tim.o
                              0xcaa6d (size before relaxing)
 .debug_str     0x000cc7b7      0x493 ./Drivers/STM32F4xx_HAL_Driver/Src/stm32f4xx_hal_tim_ex.o
                              0xca279 (size before relaxing)
 .debug_str     0x000ccc4a      0x636 ./Drivers/STM32F4xx_HAL_Driver/Src/stm32f4xx_hal_uart.o
                              0xca0f8 (size before relaxing)

.comment        0x00000000       0x43
 .comment       0x00000000       0x43 ./Core/Src/main.o
                                 0x44 (size before relaxing)
 .comment       0x00000043       0x44 ./Core/Src/motor.o
 .comment       0x00000043       0x44 ./Core/Src/stm32f4xx_hal_msp.o
 .comment       0x00000043       0x44 ./Core/Src/stm32f4xx_it.o
 .comment       0x00000043       0x44 ./Core/Src/system_stm32f4xx.o
 .comment       0x00000043       0x44 ./Drivers/STM32F4xx_HAL_Driver/Src/stm32f4xx_hal.o
 .comment       0x00000043       0x44 ./Drivers/STM32F4xx_HAL_Driver/Src/stm32f4xx_hal_cortex.o
 .comment       0x00000043       0x44 ./Drivers/STM32F4xx_HAL_Driver/Src/stm32f4xx_hal_gpio.o
 .comment       0x00000043       0x44 ./Drivers/STM32F4xx_HAL_Driver/Src/stm32f4xx_hal_pwr_ex.o
 .comment       0x00000043       0x44 ./Drivers/STM32F4xx_HAL_Driver/Src/stm32f4xx_hal_rcc.o
 .comment       0x00000043       0x44 ./Drivers/STM32F4xx_HAL_Driver/Src/stm32f4xx_hal_rcc_ex.o
 .comment       0x00000043       0x44 ./Drivers/STM32F4xx_HAL_Driver/Src/stm32f4xx_hal_tim.o
 .comment       0x00000043       0x44 ./Drivers/STM32F4xx_HAL_Driver/Src/stm32f4xx_hal_tim_ex.o
 .comment       0x00000043       0x44 ./Drivers/STM32F4xx_HAL_Driver/Src/stm32f4xx_hal_uart.o

.debug_frame    0x00000000     0x36c8
 .debug_frame   0x00000000       0xfc ./Core/Src/main.o
 .debug_frame   0x000000fc       0x78 ./Core/Src/motor.o
 .debug_frame   0x00000174      0x138 ./Core/Src/stm32f4xx_hal_msp.o
 .debug_frame   0x000002ac      0x120 ./Core/Src/stm32f4xx_it.o
 .debug_frame   0x000003cc       0x58 ./Core/Src/system_stm32f4xx.o
 .debug_frame   0x00000424      0x374 ./Drivers/STM32F4xx_HAL_Driver/Src/stm32f4xx_hal.o
 .debug_frame   0x00000798      0x4b8 ./Drivers/STM32F4xx_HAL_Driver/Src/stm32f4xx_hal_cortex.o
 .debug_frame   0x00000c50      0x14c ./Drivers/STM32F4xx_HAL_Driver/Src/stm32f4xx_hal_gpio.o
 .debug_frame   0x00000d9c      0x14c ./Drivers/STM32F4xx_HAL_Driver/Src/stm32f4xx_hal_pwr_ex.o
 .debug_frame   0x00000ee8      0x1f4 ./Drivers/STM32F4xx_HAL_Driver/Src/stm32f4xx_hal_rcc.o
 .debug_frame   0x000010dc      0x1e8 ./Drivers/STM32F4xx_HAL_Driver/Src/stm32f4xx_hal_rcc_ex.o
 .debug_frame   0x000012c4     0x11c0 ./Drivers/STM32F4xx_HAL_Driver/Src/stm32f4xx_hal_tim.o
 .debug_frame   0x00002484      0x638 ./Drivers/STM32F4xx_HAL_Driver/Src/stm32f4xx_hal_tim_ex.o
 .debug_frame   0x00002abc      0x954 ./Drivers/STM32F4xx_HAL_Driver/Src/stm32f4xx_hal_uart.o
 .debug_frame   0x00003410       0x20 /home/pablome/Apps/STM32CubeIDE/plugins/com.st.stm32cube.ide.mcu.externaltools.gnu-tools-for-stm32.12.3.rel1.linux64_1.0.100.202403111256/tools/bin/../lib/gcc/arm-none-eabi/12.3.1/../../../../arm-none-eabi/lib/thumb/v7e-m+fp/hard/libc_nano.a(libc_a-memset.o)
 .debug_frame   0x00003430       0x2c /home/pablome/Apps/STM32CubeIDE/plugins/com.st.stm32cube.ide.mcu.externaltools.gnu-tools-for-stm32.12.3.rel1.linux64_1.0.100.202403111256/tools/bin/../lib/gcc/arm-none-eabi/12.3.1/../../../../arm-none-eabi/lib/thumb/v7e-m+fp/hard/libc_nano.a(libc_a-init.o)
 .debug_frame   0x0000345c       0x28 /home/pablome/Apps/STM32CubeIDE/plugins/com.st.stm32cube.ide.mcu.externaltools.gnu-tools-for-stm32.12.3.rel1.linux64_1.0.100.202403111256/tools/bin/../lib/gcc/arm-none-eabi/12.3.1/../../../../arm-none-eabi/lib/thumb/v7e-m+fp/hard/libc_nano.a(libc_a-memcpy-stub.o)
 .debug_frame   0x00003484       0xac /home/pablome/Apps/STM32CubeIDE/plugins/com.st.stm32cube.ide.mcu.externaltools.gnu-tools-for-stm32.12.3.rel1.linux64_1.0.100.202403111256/tools/bin/../lib/gcc/arm-none-eabi/12.3.1/thumb/v7e-m+fp/hard/libgcc.a(_arm_addsubdf3.o)
 .debug_frame   0x00003530       0x50 /home/pablome/Apps/STM32CubeIDE/plugins/com.st.stm32cube.ide.mcu.externaltools.gnu-tools-for-stm32.12.3.rel1.linux64_1.0.100.202403111256/tools/bin/../lib/gcc/arm-none-eabi/12.3.1/thumb/v7e-m+fp/hard/libgcc.a(_arm_muldivdf3.o)
 .debug_frame   0x00003580       0xc4 /home/pablome/Apps/STM32CubeIDE/plugins/com.st.stm32cube.ide.mcu.externaltools.gnu-tools-for-stm32.12.3.rel1.linux64_1.0.100.202403111256/tools/bin/../lib/gcc/arm-none-eabi/12.3.1/thumb/v7e-m+fp/hard/libgcc.a(_arm_cmpdf2.o)
 .debug_frame   0x00003644       0x24 /home/pablome/Apps/STM32CubeIDE/plugins/com.st.stm32cube.ide.mcu.externaltools.gnu-tools-for-stm32.12.3.rel1.linux64_1.0.100.202403111256/tools/bin/../lib/gcc/arm-none-eabi/12.3.1/thumb/v7e-m+fp/hard/libgcc.a(_arm_fixunsdfsi.o)
 .debug_frame   0x00003668       0x2c /home/pablome/Apps/STM32CubeIDE/plugins/com.st.stm32cube.ide.mcu.externaltools.gnu-tools-for-stm32.12.3.rel1.linux64_1.0.100.202403111256/tools/bin/../lib/gcc/arm-none-eabi/12.3.1/thumb/v7e-m+fp/hard/libgcc.a(_aeabi_uldivmod.o)
 .debug_frame   0x00003694       0x34 /home/pablome/Apps/STM32CubeIDE/plugins/com.st.stm32cube.ide.mcu.externaltools.gnu-tools-for-stm32.12.3.rel1.linux64_1.0.100.202403111256/tools/bin/../lib/gcc/arm-none-eabi/12.3.1/thumb/v7e-m+fp/hard/libgcc.a(_udivmoddi4.o)

.debug_line_str
                0x00000000       0x64
 .debug_line_str
                0x00000000       0x64 ./Core/Startup/startup_stm32f446retx.o
